[2026-09-22 15:25:19,503 : INFO : Creating directory:.github\workflows for the file .gitkeep]
[2026-09-22 15:25:19,503 : INFO : Creating empty file: .github\workflows\.gitkeep]
[2026-09-22 15:25:19,504 : INFO : Creating directory:src\NexText for the file __init__.py]
[2026-09-22 15:25:19,504 : INFO : Creating empty file: src\NexText\__init__.py]
[2026-09-22 15:25:19,504 : INFO : Creating directory:src\NexText\conponents for the file __init__.py]
[2026-09-22 15:25:19,504 : INFO : Creating empty file: src\NexText\conponents\__init__.py]
[2026-09-22 15:25:19,505 : INFO : Creating directory:src\NexText\utils for the file __init__.py]
[2026-09-22 15:25:19,505 : INFO : Creating empty file: src\NexText\utils\__init__.py]
[2026-09-22 15:25:19,505 : INFO : Creating directory:src\NexText\utils for the file common.py]
[2026-09-22 15:25:19,505 : INFO : Creating empty file: src\NexText\utils\common.py]
[2026-09-22 15:25:19,506 : INFO : Creating directory:src\NexText\logging for the file __init__.py]
[2026-09-22 15:25:19,506 : INFO : Creating empty file: src\NexText\logging\__init__.py]
[2026-09-22 15:25:19,506 : INFO : Creating directory:src\NexText\config for the file __init__.py]
[2026-09-22 15:25:19,506 : INFO : Creating empty file: src\NexText\config\__init__.py]
[2026-09-22 15:25:19,506 : INFO : Creating directory:src\NexText\config for the file configuration.py]
[2026-09-22 15:25:19,506 : INFO : Creating empty file: src\NexText\config\configuration.py]
[2026-09-22 15:25:19,507 : INFO : Creating directory:src\NexText\pipeline for the file __init__.py]
[2026-09-22 15:25:19,507 : INFO : Creating empty file: src\NexText\pipeline\__init__.py]
[2026-09-22 15:25:19,507 : INFO : Creating directory:src\NexText\entity for the file __init__.py]
[2026-09-22 15:25:19,507 : INFO : Creating empty file: src\NexText\entity\__init__.py]
[2026-09-22 15:25:19,507 : INFO : Creating directory:src\NexText\constants for the file __init__.py]
[2026-09-22 15:25:19,508 : INFO : Creating empty file: src\NexText\constants\__init__.py]
[2026-09-22 15:25:19,508 : INFO : Creating directory:config for the file config.yaml]
[2026-09-22 15:25:19,508 : INFO : Creating empty file: config\config.yaml]
[2026-09-22 15:25:19,508 : INFO : Creating empty file: params.yaml]
[2026-09-22 15:25:19,509 : INFO : Creating empty file: app.py]
[2026-09-22 15:25:19,509 : INFO : Creating empty file: main.py]
[2026-09-22 15:25:19,509 : INFO : Creating empty file: Dockerfile]
[2026-09-22 15:25:19,509 : INFO : Creating empty file: requirements.txt]
[2026-09-22 15:25:19,509 : INFO : Creating empty file: setup.py]
[2026-09-22 15:25:19,510 : INFO : Creating directory:research for the file trials.ipynb]
[2026-09-22 15:25:19,510 : INFO : Creating empty file: research\trials.ipynb]
[2026-09-22 15:25:58,713 : INFO : Creating directory:.github\workflows for the file .gitkeep]
[2026-09-22 15:25:58,713 : INFO : Creating empty file: .github\workflows\.gitkeep]
[2026-09-22 15:25:58,714 : INFO : Creating directory:src\NexText for the file __init__.py]
[2026-09-22 15:25:58,714 : INFO : Creating empty file: src\NexText\__init__.py]
[2026-09-22 15:25:58,714 : INFO : Creating directory:src\NexText\conponents for the file __init__.py]
[2026-09-22 15:25:58,714 : INFO : Creating empty file: src\NexText\conponents\__init__.py]
[2026-09-22 15:25:58,714 : INFO : Creating directory:src\NexText\utils for the file __init__.py]
[2026-09-22 15:25:58,714 : INFO : Creating empty file: src\NexText\utils\__init__.py]
[2026-09-22 15:25:58,714 : INFO : Creating directory:src\NexText\utils for the file common.py]
[2026-09-22 15:25:58,714 : INFO : Creating empty file: src\NexText\utils\common.py]
[2026-09-22 15:25:58,714 : INFO : Creating directory:src\NexText\logging for the file __init__.py]
[2026-09-22 15:25:58,714 : INFO : Creating empty file: src\NexText\logging\__init__.py]
[2026-09-22 15:25:58,714 : INFO : Creating directory:src\NexText\config for the file __init__.py]
[2026-09-22 15:25:58,715 : INFO : Creating empty file: src\NexText\config\__init__.py]
[2026-09-22 15:25:58,715 : INFO : Creating directory:src\NexText\config for the file configuration.py]
[2026-09-22 15:25:58,715 : INFO : Creating empty file: src\NexText\config\configuration.py]
[2026-09-22 15:25:58,715 : INFO : Creating directory:src\NexText\pipeline for the file __init__.py]
[2026-09-22 15:25:58,715 : INFO : Creating empty file: src\NexText\pipeline\__init__.py]
[2026-09-22 15:25:58,715 : INFO : Creating directory:src\NexText\entity for the file __init__.py]
[2026-09-22 15:25:58,715 : INFO : Creating empty file: src\NexText\entity\__init__.py]
[2026-09-22 15:25:58,715 : INFO : Creating directory:src\NexText\constants for the file __init__.py]
[2026-09-22 15:25:58,715 : INFO : Creating empty file: src\NexText\constants\__init__.py]
[2026-09-22 15:25:58,715 : INFO : Creating directory:config for the file config.yaml]
[2026-09-22 15:25:58,715 : INFO : Creating empty file: config\config.yaml]
[2026-09-22 15:25:58,715 : INFO : Creating empty file: params.yaml]
[2026-09-22 15:25:58,715 : INFO : Creating empty file: app.py]
[2026-09-22 15:25:58,716 : INFO : Creating empty file: main.py]
[2026-09-22 15:25:58,716 : INFO : Creating empty file: Dockerfile]
[2026-09-22 15:25:58,716 : INFO : Creating empty file: requirements.txt]
[2026-09-22 15:25:58,716 : INFO : Creating empty file: setup.py]
[2026-09-22 15:25:58,716 : INFO : Creating directory:research for the file trials.ipynb]
[2026-09-22 15:25:58,716 : INFO : Creating empty file: research\trials.ipynb]
[2026-09-22 15:25:58,717 : INFO : Creating empty file: test.py]
